// Jest Snapshot v1, https://goo.gl/fbAQLP

exports[`renders toMatchSnapshot 1`] = `
<div
  className="error"
>
  <div
    className="text-center"
  >
    <h1>
      404
    </h1>
    <h2>
      Page not found!
    </h2>
    <Link
      className="error__button error__link"
      to="/"
    >
      go to Startpage
    </Link>
  </div>
</div>
`;
