// Jest Snapshot v1, https://goo.gl/fbAQLP

exports[`renders toMatchSnapshot 1`] = `
<div
  className=""
>
  InitiatorsChartD3
</div>
`;
