// Jest Snapshot v1, https://goo.gl/fbAQLP

exports[`renders toMatchSnapshot 1`] = `
<div
  className="page-wrapper"
>
  <Connect(Reports)
    location="reports"
    term=""
  />
  <Connect(Initiators)
    location="initiators"
  />
</div>
`;
